##########################################################################################
# Layer: ax_bauwerkimverkehrsbereich_umrandung
# ----------------------------------------------------------------------------------------
#'Bauwerk im Verkehrsbereich' ist ein Bauwerk, das dem Verkehr dient.
##########################################################################################

LAYER   
	NAME "ax_bauwerkimverkehrsbereich_umrandung"
	GROUP "ax_bauwerkimverkehrsbereich"
	TYPE POLYGON
	DUMP TRUE
   
	CONNECTIONTYPE POSTGIS
	CONNECTION "host=localhost dbname=alkis user=admin"
	DATA "wkb_geometry from (SELECT * FROM ax_bauwerkimverkehrsbereich) as foo using unique ogc_fid using SRID=25832"
	
	METADATA
		"WMS_SRS" "epsg:25832"
		"WMS_TITLE" "Bauwerk im Verkehrsbereich (Umrandung)"
		"WMS_GROUP_TITLE" "Bauwerk im Verkehrsbereich"
		"WMS_ENCODING" "UTF-8"
		"gml_include_items" "all"
	END	
	
	PROJECTION
		"init=epsg:25832"
	END

	#MINSCALEDENOM 0
	#MAXSCALEDENOM 5000
	
	CLASSITEM 'bauwerksfunktion'

   	CLASS
		NAME "Brücke" # sn1530
		STYLE
			COLOR -1 -1 -1
			OUTLINECOLOR 128 128 128
			SYMBOL "sn_1530"
			SIZE 1.4173228346
		END
	END 
END