##########################################################################################
# Layer: ax_flugverkehr
# ----------------------------------------------------------------------------------------
#'Flugverkehr' umfasst die baulich geprägte Fläche und die mit ihr in Zusammenhang
# stehende Freifläche, die ausschließlich oder vorwiegend dem Flugverkehr dient.
##########################################################################################

LAYER   
	NAME "ax_flugverkehr"
	TYPE POLYGON
	DUMP TRUE
   
	CONNECTIONTYPE POSTGIS
	CONNECTION "host=localhost dbname=alkis user=admin"
	DATA "wkb_geometry from (SELECT * FROM ax_flugverkehr) as foo using unique ogc_fid using SRID=25832"
	
	METADATA
		"WMS_SRS" "epsg:25832"
		"WMS_TITLE" "Flugverkehr"
		"WMS_ENCODING" "UTF-8"
		"gml_include_items" "all"
	END	
	
	PROJECTION
		"init=epsg:25832"
	END

	#MINSCALEDENOM 0
	#MAXSCALEDENOM 5000

   	CLASS
		NAME "Flugverkehr" # sn1520
		STYLE
			COLOR 235 255 212
			OUTLINECOLOR 153 153 153
		END
	END   
END