##########################################################################################
# Layer: ax_grablochderbodenschaetzung
# ----------------------------------------------------------------------------------------
#'Flugverkehr' umfasst die baulich geprägte Fläche und die mit ihr in Zusammenhang
# stehende Freifläche, die ausschließlich oder vorwiegend dem Flugverkehr dient.
##########################################################################################

LAYER   
	NAME "ax_grablochderbodenschaetzung"
	TYPE POINT
	DUMP TRUE
   
	CONNECTIONTYPE POSTGIS
	CONNECTION "host=localhost dbname=alkis user=admin"
	DATA "wkb_geometry from (SELECT * FROM ax_grablochderbodenschaetzung) as foo using unique ogc_fid using SRID=25832"
	
	METADATA
		"WMS_SRS" "epsg:25832"
		"WMS_TITLE" "Grabloch der Bodenschätzung"
		"WMS_ENCODING" "UTF-8"
		"gml_include_items" "all"
	END	
	
	PROJECTION
		"init=epsg:25832"
	END

	#MINSCALEDENOM 0
	#MAXSCALEDENOM 5000

   	CLASS
		NAME "Grabloch der Bodenschätzung" # sn3703
		STYLE
			SYMBOL "sn3703"
			COLOR 255 128 128
			SIZE 0.9921259843
		END
	END   
END