##########################################################################################
# Layer: ax_moor
# ----------------------------------------------------------------------------------------
# Moor' ist eine unkultivierte Fläche, deren obere Schicht aus vertorften oder zersetzten
# Pflanzenresten besteht. Torfstich bzw. Torfabbaufläche wird der Objektart 41005
# 'Tagebau, Grube, Steinbruch' mit AGT 'Torf' zugeordnet.
##########################################################################################

LAYER      
	NAME "ax_moor"
	TYPE POLYGON
	DUMP TRUE
	
	CONNECTIONTYPE POSTGIS
	CONNECTION "host=localhost dbname=alkis user=admin"
	DATA "wkb_geometry from (SELECT * FROM ax_moor) as foo using unique ogc_fid using SRID=25832"

	METADATA
		"WMS_SRS" "epsg:25832"
		"WMS_TITLE" "Moor"
		"WMS_ENCODING" "UTF-8"
		"gml_include_items" "all"
	END

	PROJECTION
		"init=epsg:25832"
	END

	#MINSCALEDENOM 0
	#MAXSCALEDENOM 5000
  
   	CLASS
		NAME "Moor" # sn1404_sn2515_sn3476 Symbol fehlt
		STYLE
			COLOR 242 235 232
			OUTLINECOLOR 153 153 153
		END
	END
END