##########################################################################################
# Layer: ax_sonstigesbauwerkodersonstigeeinrichtung
# ----------------------------------------------------------------------------------------
# Beschreibung: 'Sonstiges Bauwerk oder sonstige Einrichtung' ist ein Bauwerk oder eine
# Einrichtung, das/die nicht zu den anderen Objektarten der Objektartengruppe Bauwerke und
# Einrichtungen gehört.
##########################################################################################

LAYER      
	NAME "ax_sonstigesbauwerkodersonstigeeinrichtung"
	TYPE POLYGON
	DUMP TRUE
	
	CONNECTIONTYPE POSTGIS
	CONNECTION "host=localhost dbname=alkis user=admin"
	DATA "wkb_geometry from (SELECT * FROM ax_sonstigesbauwerkodersonstigeeinrichtung) as foo using unique ogc_fid using SRID=25832"

	METADATA
		"WMS_SRS" "epsg:25832"
		"WMS_TITLE" "Sonstiges bauwerk oder sonstige Einrichtung"
		"WMS_ENCODING" "UTF-8"
		"gml_include_items" "all"
	END

	PROJECTION
		"init=epsg:25832"
	END

	#MINSCALEDENOM 0
	#MAXSCALEDENOM 5000
	
	CLASSITEM 'bauwerksfunktion'
  
   	CLASS
		NAME "Überdachung" # sn1304
		EXPRESSION ([bauwerksfunktion] = 1610)
		STYLE
			COLOR 204 204 204
		END
	END
	
	   	CLASS
		NAME "Brunnen (Trinkwasserversorgung)" # sn1525_sn3537 Symbol fehlt
		EXPRESSION ([bauwerksfunktion] = 1781)
		STYLE
			COLOR 227 255 255
			OUTLINECOLOR 0 204 204
		END
	END
END