##########################################################################################
# Layer: ap_pto
# ----------------------------------------------------------------------------------------
# Textförmiges Präsentationsobjekt mit punktförmiger Textgeometrie.
#
# Anmerkung:
# ++++++++++
# Wenn man den richtigen Drehwinkel für die Beschriftung haben möchte ist eine neue Spalte
# namens 'drehwinkel_grad' der Tabelle 'ap_pto' hinzuzufügen. Des Weiteren muss die Spalte
# mit dem Grad-Winkelwert befüllt werden (Berechnung RAD => GRAD). Anschliessend ist der 
# Eintrag in dieser Datei:
# 'ANGLE auto # ANGLE [drehwinkel_grad]' 
# in
# 'ANGLE [drehwinkel_grad] # ANGLE auto' 
# zu wandeln. 
##########################################################################################
LAYER   
	NAME "ap_pto"
	TYPE POINT
	DUMP TRUE
   
	CONNECTIONTYPE POSTGIS
	CONNECTION "host=localhost dbname=alkis user=admin"
	DATA "wkb_geometry from (SELECT * FROM ap_pto) as foo using unique ogc_fid using SRID=25832"

	METADATA
		"WMS_SRS" "epsg:25832"
		"WMS_TITLE" "ap_pto"
		"WMS_ENCODING" "UTF-8"
		"gml_include_items" "all"
	END

	PROJECTION
		"init=epsg:25832"
	END

	#MINSCALEDENOM 0
	#MAXSCALEDENOM 5000
   
	LABELITEM "schriftinhalt"  
	LABELMINSCALEDENOM 0
	LABELMAXSCALEDENOM 1500
 
	CLASS
		NAME "Beschriftung"
		STYLE
			SYMBOL "point"
			SIZE 1
			#OUTLINECOLOR 255 0 0
		END		
      	LABEL
			SIZE 10
			MINSIZE 8
			MAXSIZE 16
			TYPE TRUETYPE
			ANGLE auto 
			#ANGLE [drehwinkel_grad] 
			FONT "arial"
			POSITION uc
			#OFFSET 0 -4.96062992125984
			#FORCE True
			COLOR 0 0 0		
			BACKGROUNDCOLOR -1 -1 -1
		END	  	
   END
 
END       