##########################################################################################
# Layer: ax_besondereflurstuecksgrenze
# ----------------------------------------------------------------------------------------
# Beschreibung: 'Besondere Flurstücksgrenze' ist ein Teil der Grenzlinie eines Flurstücks, 
# der von genau zwei benachbarten Grenzpunkten begrenzt wird und für den besondere 
# Informationen vorliegen.
##########################################################################################
LAYER   
	NAME "ax_besondereflurstuecksgrenze"
	TYPE LINE
	DUMP TRUE
   
	CONNECTIONTYPE POSTGIS
	CONNECTION "host=localhost dbname=alkis user=admin"
	DATA "wkb_geometry from (SELECT * FROM ax_besondereflurstuecksgrenze) as foo using unique ogc_fid using SRID=25832"

	METADATA
		"WMS_SRS" "epsg:25832"
		"WMS_TITLE" "Besondere Flurstücksgrenze"
		"gml_include_items" "all"
	END
	
	PROJECTION
		"init=epsg:25832"
	END

	#MINSCALEDENOM 0
	#MAXSCALEDENOM 5000

	SYMBOLSCALE 1000
	
   	CLASS
		NAME "Besondere Flurstücksgrenze"
		
		STYLE
			SYMBOL 0
			COLOR 254 254 254
		END
				
		STYLE
			SYMBOL 'sn_2006'
			COLOR 0 0 0
			SIZE 0.9921259843
			
		END
	END

END        