##########################################################################################
#Layer: ax_besonderegebaeudelinie
#------------------------------------------------------------------------------------------
#Beschreibung: 'Besondere Gebäudelinie' ist der Teil der Geometrie des Objekts 'Gebäude' oder des Objekts 'Bauteil', der besondere Eigenschaften besitzt.
##########################################################################################

LAYER      
	NAME "ax_besonderegebaeudelinie"
	TYPE LINE
	DUMP TRUE
	
	CONNECTIONTYPE POSTGIS
	CONNECTION "host=localhost dbname=alkis user=admin"
	DATA "wkb_geometry from (SELECT * FROM ax_besonderegebaeudelinie) as foo using unique ogc_fid using SRID=25832"

	METADATA
		"WMS_SRS" "epsg:25832"
		"WMS_TITLE" "Besondere Gebaeudelinie"
		"WMS_ENCODING" "UTF-8"
		"gml_include_items" "all"
	END
	
	PROJECTION
		"init=epsg:25832"
	END

	#MINSCALEDENOM 0
	#MAXSCALEDENOM 5000
    
   	CLASS
		NAME "Besondere Gebaeudelinie"
				
		STYLE
			SYMBOL 0
			COLOR 0 0 0
			
		END
		STYLE
			SYMBOL 'sn_2305'
			COLOR 254 254 254
			
		END
	END
		
END