##########################################################################################
# Layer: ax_fliessgewaesser
# ----------------------------------------------------------------------------------------
# 'Fließgewässer' ist ein geometrisch begrenztes, oberirdisches, auf dem Festland 
# fließendes Gewässer, das die Wassermengen sammelt, die als Niederschläge auf 
# die Erdoberfläche fallen oder in Quellen austreten, und in ein anderes Gewässer, 
# ein Meer oder in einen See transportiert oder in einem System von natürlichen oder 
# künstlichen Bodenvertiefungen verlaufendes Wasser, das zur Be- und Entwässerung an- 
# oder abgeleitet wird oder ein geometrisch begrenzter, für die Schifffahrt angelegter 
# künstlicher Wasserlauf, der in einem oder in mehreren Abschnitten die jeweils gleiche Höhe 
# des Wasserspiegels besitzt. 
##########################################################################################
LAYER   
	NAME "ax_fliessgewaesser"
	TYPE POLYGON
	DUMP TRUE
   
	CONNECTIONTYPE POSTGIS
	CONNECTION "host=localhost dbname=alkis user=admin"
	DATA "wkb_geometry from (SELECT * FROM ax_fliessgewaesser) as foo using unique ogc_fid using SRID=25832"
	
	METADATA
		"WMS_SRS" "epsg:25832"
		"WMS_TITLE" "Fließgewässer"
		"gml_include_items" "all"
	END
	
	PROJECTION
		"init=epsg:25832"
	END

	#MINSCALEDENOM 0
	#MAXSCALEDENOM 5000
   
   	CLASS
		NAME "Fließgewässer" # sn1410_sn2518
		STYLE
			COLOR 227 255 255
			OUTLINECOLOR 0 204 204
		END
	END

END  