##########################################################################################
# Layer: ax_flaechegemischternutzung
# ----------------------------------------------------------------------------------------
# 'Fläche gemischter Nutzung' ist eine bebaute Fläche einschließlich der mit ihr 
# im Zusammenhang stehenden Freifläche (Hofraumfläche, Hausgarten), auf der keine Art 
# der baulichen Nutzung vorherrscht. Solche Flächen sind insbesondere ländlich-dörflich 
# geprägte Flächen mit land- und forstwirtschaftlichen Betrieben, Wohngebäuden u.a. 
# sowie städtisch geprägte Kerngebiete mit Handelsbetrieben und zentralen Einrichtungen 
# für die Wirtschaft und die Verwaltung.
##########################################################################################
LAYER   
	NAME "ax_flaechegemischternutzung"
	TYPE POLYGON
	DUMP TRUE
   
	CONNECTIONTYPE POSTGIS
	CONNECTION "host=localhost dbname=alkis user=admin"
	DATA "wkb_geometry from (SELECT * FROM ax_flaechegemischternutzung) as foo using unique ogc_fid using SRID=25832"

	METADATA
		"WMS_SRS" "epsg:25832"
		"WMS_TITLE" "Fläche gemischter Nutzung"
		"WMS_ENCODING" "UTF-8"
		"gml_include_items" "all"
	END
		
	PROJECTION
		"init=epsg:25832"
	END

	#MINSCALEDENOM 0
	#MAXSCALEDENOM 5000
   
   	CLASS
		NAME "Fläche gemischter Nutzung" #sn1401_sn2515
		STYLE
			COLOR 255 235 245
			OUTLINECOLOR 153 153 153
		END
	END

END