##########################################################################################
# Layer: ax_hafenbecken
# ----------------------------------------------------------------------------------------
#'Hafenbecken' ist ein natürlicher oder künstlich angelegter oder abgetrennter Teil eines
# Gewässers, in dem Schiffe be- und entladen werden.
##########################################################################################

LAYER   
	NAME "ax_hafenbecken"
	TYPE POLYGON
	DUMP TRUE
   
	CONNECTIONTYPE POSTGIS
	CONNECTION "host=localhost dbname=alkis user=admin"
	DATA "wkb_geometry from (SELECT * FROM ax_hafenbecken) as foo using unique ogc_fid using SRID=25832"
	
	METADATA
		"WMS_SRS" "epsg:25832"
		"WMS_TITLE" "Hafenbecken"
		"WMS_ENCODING" "UTF-8"
		"gml_include_items" "all"
	END	
	
	PROJECTION
		"init=epsg:25832"
	END

	#MINSCALEDENOM 0
	#MAXSCALEDENOM 5000

   	CLASS
		NAME "Hafenbecken" # sn1410_sn2518 sn3490 als Symbol fehlt
		STYLE
			COLOR 230 255 255
			OUTLINECOLOR 0 204 204
		END
	END   
END