##########################################################################################
# Layer: ax_klassifizierungnachstrassenrecht
# ----------------------------------------------------------------------------------------
#'Klassifizierung nach Straßenrecht' ist die auf den Grund und Boden bezogene
# Beschränkung, Belastung oder andere Eigenschaft einer Fläche nach öffentlichen,
# straßenrechtlichen Vorschriften. 
##########################################################################################

LAYER   
	NAME "ax_klassifizierungnachstrassenrecht"
	TYPE POLYGON
	DUMP TRUE
   
	CONNECTIONTYPE POSTGIS
	CONNECTION "host=localhost dbname=alkis user=admin"
	DATA "wkb_geometry from (SELECT * FROM ax_klassifizierungnachstrassenrecht) as foo using unique ogc_fid using SRID=25832"
	
	METADATA
		"WMS_SRS" "epsg:25832"
		"WMS_TITLE" "Klassifizierung nach Strassenrecht"
		"WMS_ENCODING" "UTF-8"
		"gml_include_items" "all"
	END	
	
	PROJECTION
		"init=epsg:25832"
	END

	#MINSCALEDENOM 0
	#MAXSCALEDENOM 5000

	CLASSITEM 'artderfestlegung'

   	CLASS
		NAME "Bundesautobahn, Bundesstrasse" # sn1701
		EXPRESSION ([artderfestlegung] = 1110 OR [artderfestlegung] = 1120)
		STYLE
			COLOR 255 230 128
			OUTLINECOLOR 153 153 153
		END
	END   
	
	   	CLASS
		NAME "Landes- oder Staatsstrasse" # sn1702
		EXPRESSION ([artderfestlegung] = 1130)
		STYLE
			COLOR 255 255 178
			OUTLINECOLOR 153 153 153
		END
	END 
	# sn7858 Gemeindeverbindungsstraße erhält Schriftsatz
END