##########################################################################################
# Layer: ax_flurstueck
# ----------------------------------------------------------------------------------------
# 'Landwirtschaft' ist eine Fläche für den Anbau von Feldfrüchten sowie eine Fläche, 
# die beweidet und gemäht werden kann, einschließlich der mit besonderen Pflanzen 
# angebauten Fläche. Die Brache, die für einen bestimmten Zeitraum (z. B. ein halbes oder 
# ganzes Jahr) landwirtschaftlich unbebaut bleibt, ist als 'Landwirtschaft' bzw. 'Ackerland' 
# zu erfassen.
##########################################################################################
LAYER   
	NAME "ax_landwirtschaft"
	TYPE POLYGON
	DUMP TRUE
   
	CONNECTIONTYPE POSTGIS
	CONNECTION "host=localhost dbname=alkis user=admin"
	DATA "wkb_geometry from (SELECT * FROM ax_landwirtschaft) as foo using unique ogc_fid using SRID=25832"

	METADATA
		"WMS_SRS" "epsg:25832"
		"WMS_TITLE" "Landwirtschaft"
		"WMS_ENCODING" "UTF-8"
		"gml_include_items" "all"
	END
	
	PROJECTION
		"init=epsg:25832"
	END

	#MINSCALEDENOM 0
	#MAXSCALEDENOM 5000

	CLASSITEM 'vegetationsmerkmal'
   
   	CLASS
		NAME "Ackerland, Streuobstacker, Hopfen und Spargel" #sn1409_sn2515
		EXPRESSION ([vegetationsmerkmal] < 1020)
		STYLE
			COLOR 255 247 191
			OUTLINECOLOR 153 153 153
		END
	END

   	CLASS
		NAME "Grünland, Streuobstwiese, Gartenland, Baumschule, Weingarten, Obstplantage, Obstbaumplantage und Obststrauchplantage" #sn1406_sn2515
		EXPRESSION (1019 < [vegetationsmerkmal] AND [vegetationsmerkmal] < 1199)
		STYLE
			COLOR 235 255 212
			OUTLINECOLOR 153 153 153
		END
	END
	
   	CLASS
		NAME "Brachland" #"sn1404_sn2515"	
		EXPRESSION (1199 < [vegetationsmerkmal])
		STYLE
			COLOR 242 235 232
			OUTLINECOLOR 153 153 153
		END
	END

END        