##########################################################################################
# Layer: ax_platz
# ------------------------------------------------------------------------------------------
# 'Platz' ist eine Verkehrsfläche in Ortschaften oder eine ebene, 
# befestigte oder unbefestigte Fläche, die bestimmten Zwecken dient 
# (z. B. für Verkehr, Märkte, Festveranstaltungen).
##########################################################################################
LAYER   
	NAME "ax_platz"
	TYPE POLYGON
	DUMP TRUE
   
	CONNECTIONTYPE POSTGIS
	CONNECTION "host=localhost dbname=alkis user=admin"
	DATA "wkb_geometry from (SELECT * FROM ax_platz) as foo using unique ogc_fid using SRID=25832"

	METADATA
		"WMS_SRS" "epsg:25832"
		"WMS_TITLE" "Platz"
		"gml_include_items" "all"
	END
	
	PROJECTION
		"init=epsg:25832"
	END

	#MINSCALEDENOM 0
	#MAXSCALEDENOM 5000

	CLASSITEM 'funktion'
   
   	CLASS
		NAME "Fußgängerzone (Platz)" #sn1414_sn2515
		EXPRESSION ([funktion] = 5130)
		STYLE
			COLOR 217 247 217
			OUTLINECOLOR 153 153 153
		END
	END

   	CLASS
		NAME "Platz" #sn_2515
		STYLE
			COLOR -1 -1 -1
			OUTLINECOLOR 153 153 153
		END
	END
	
END        