##########################################################################################
# Layer: ax_tagebaugrubesteinbruch
# ----------------------------------------------------------------------------------------
#'Tagebau, Grube, Steinbruch' ist eine Fläche, auf der oberirdisch Bodenmaterial abgebaut
# wird. Rekultivierte Tagebaue, Gruben, Steinbrüche werden als Objekte entsprechend der
# vorhandenen Nutzung erfasst.
##########################################################################################

LAYER   
	NAME "ax_tagebaugrubesteinbruch"
	TYPE POLYGON
	DUMP TRUE
   
	CONNECTIONTYPE POSTGIS
	CONNECTION "host=localhost dbname=alkis user=admin"
	DATA "wkb_geometry from (SELECT * FROM ax_tagebaugrubesteinbruch) as foo using unique ogc_fid using SRID=25832"
	
	METADATA
		"WMS_SRS" "epsg:25832"
		"WMS_TITLE" "Tagebau, Grube, Steinbruch"
		"WMS_ENCODING" "UTF-8"
		"gml_include_items" "all"
	END	
	
	PROJECTION
		"init=epsg:25832"
	END

	#MINSCALEDENOM 0
	#MAXSCALEDENOM 5000

   	CLASS
		NAME "Tagebau, Grube, Steinbruch" # sn1403_2515
		STYLE
			COLOR 237 237 237
		END
	END   
END