##########################################################################################
# Layer: ax_untergeordnetesgewaesser_line
# ----------------------------------------------------------------------------------------
# Beschreibung: 'UntergeordnetesGewaesser' ist ein stehendes oder fließendes Gewässer mit
# untergeordneter Bedeutung.
##########################################################################################

LAYER      
	NAME "ax_untergeordnetesgewaesser_line"
	GROUP "ax_untergeordnetesgewaesser"
	TYPE LINE
	DUMP TRUE
	
	CONNECTIONTYPE POSTGIS
	CONNECTION "host=localhost dbname=alkis user=admin"
	DATA "wkb_geometry from (SELECT * FROM ax_untergeordnetesgewaesser) as foo using unique ogc_fid using SRID=25832"

	METADATA
		"WMS_SRS" "epsg:25832"
		"WMS_TITLE" "Untergeordnetes Gewässer (Line)"
		"WMS_GROUP_TITLE" "Untergeordnetes Gewässer"
		"WMS_ENCODING" "UTF-8"
		"gml_include_items" "all"
	END

	PROJECTION
		"init=epsg:25832"
	END

	#MINSCALEDENOM 0
	#MAXSCALEDENOM 5000
 
 	 	CLASS
		NAME "Untergeordnetes Gewässer" # sn_1523
		EXPRESSION ([funktion] = 1010)
		STYLE
			COLOR 0 204 204
		END
	END	
END